<?xml version="1.0" encoding="UTF-8"?>
<testsuites name="jest tests" tests="2" failures="0" errors="0" time="1.856">
  <testsuite name="Conjunto de teste básico" errors="0" failures="0" skipped="0" timestamp="2025-10-21T13:44:48" time="1.691" tests="2">
    <testcase classname="Conjunto de teste básico exemplo 1 de teste toBe" name="Conjunto de teste básico exemplo 1 de teste toBe" time="0.004">
    </testcase>
    <testcase classname="Conjunto de teste básico [3] deve retornar &quot;erro&quot;" name="Conjunto de teste básico [3] deve retornar &quot;erro&quot;" time="0.054">
    </testcase>
  </testsuite>
</testsuites>